// Jest Snapshot v1, https://goo.gl/fbAQLP

exports[`Pruebas en <GitItem />  debe de hacer mactch con el snapshot 1`] = `
<div>
  <div
    class="card"
  >
    <img
      alt="Saitama"
      src="https://one-punch.com/saitama.jp"
    />
    <p>
      Saitama
    </p>
  </div>
</div>
`;
